
> tayraan@0.1.0 build
> next build

   Γû▓ Next.js 15.0.2
   - Environments: .env

   Creating an optimized production build ...
 Γ£ô Compiled successfully
   Skipping validation of types
   Linting ...
   Collecting page data ...
   Generating static pages (0/11) ...
   Generating static pages (2/11) 
   Generating static pages (5/11) 
   Generating static pages (8/11) 
 Γ£ô Generating static pages (11/11)
   Finalizing page optimization ...
   Collecting build traces ...

Route (app)                               Size     First Load JS
Γöî Γùï /_not-found                           904 B           101 kB
Γö£ ╞Æ /[locale]                             15.1 kB         289 kB
Γö£ ╞Æ /[locale]/about-us                    286 B           115 kB
Γö£ ╞Æ /[locale]/blog                        3 kB            132 kB
Γö£ ╞Æ /[locale]/blog/[slug]                 4.46 kB         134 kB
Γö£ ╞Æ /[locale]/blog/category/[slug]        3 kB            132 kB
Γö£ ╞Æ /[locale]/blog/search                 3 kB            132 kB
Γö£ ╞Æ /[locale]/book-hotel                  56.3 kB         236 kB
Γö£ ╞Æ /[locale]/book-now                    10.7 kB         300 kB
Γö£ ╞Æ /[locale]/cookiespolicy               3.68 kB         130 kB
Γö£ ╞Æ /[locale]/email-test                  181 B           100 kB
Γö£ ╞Æ /[locale]/error-404                   181 B           100 kB
Γö£ ╞Æ /[locale]/flight-details/[slug]       5.17 kB         299 kB
Γö£ ╞Æ /[locale]/flight-search               8.63 kB         421 kB
Γö£ ╞Æ /[locale]/forgot-password             2.84 kB         195 kB
Γö£ ╞Æ /[locale]/hotel-details/[HotelCodes]  8.44 kB         185 kB
Γö£ ╞Æ /[locale]/hotel-search                9.89 kB         283 kB
Γö£ ╞Æ /[locale]/login                       3.72 kB         199 kB
Γö£ ╞Æ /[locale]/my-bookings                 181 B           100 kB
Γö£ ╞Æ /[locale]/payment-failed              3.6 kB          139 kB
Γö£ ╞Æ /[locale]/privacypolicy               2.9 kB          129 kB
Γö£ ╞Æ /[locale]/profile                     6.9 kB          164 kB
Γö£ ╞Æ /[locale]/reset-password              2.82 kB         190 kB
Γö£ ╞Æ /[locale]/signup                      3.52 kB         196 kB
Γö£ ╞Æ /[locale]/termsandconditions          3.54 kB         130 kB
Γö£ ╞Æ /[locale]/thank-you                   11.1 kB         161 kB
Γö£ ╞Æ /[locale]/trips/[id]                  5.52 kB         115 kB
Γö£ ╞Æ /[locale]/verify-account              5.85 kB         166 kB
Γö£ ╞Æ /[locale]/verify-resetcode            2.26 kB         194 kB
Γö£ ╞Æ /api/airports                         181 B           100 kB
Γö£ ╞Æ /api/create-order                     181 B           100 kB
Γö£ ╞Æ /api/flight-offers-price              181 B           100 kB
Γö£ ╞Æ /api/flights-email                    181 B           100 kB
Γö£ ╞Æ /api/initializePayment                181 B           100 kB
Γö£ ╞Æ /api/search-flights                   181 B           100 kB
Γö£ ╞Æ /api/search-hotels                    181 B           100 kB
Γöö ╞Æ /api/translator                       181 B           100 kB
+ First Load JS shared by all             100 kB
  Γö£ chunks/4bd1b696-1e4222b1bc503d47.js   52.6 kB
  Γö£ chunks/6215-267895b49a1f956d.js       45.5 kB
  Γöö other shared chunks (total)           2.19 kB


╞Æ Middleware                              42.7 kB

Γùï  (Static)   prerendered as static content
╞Æ  (Dynamic)  server-rendered on demand

